<?xml version="1.0" encoding="utf-8"?><testsuites name="pytest tests"><testsuite name="pytest" errors="0" failures="0" skipped="0" tests="104" time="1.465" timestamp="2026-08-13T16:07:51.725467-05:00" hostname="ELRI-PC-SLIM"><testcase classname="tests.test_active_users.TestRegister" name="test_register_new_user_low" time="0.029" /><testcase classname="tests.test_active_users.TestRegister" name="test_register_new_user_high_does_not_store_flags" time="0.006" /><testcase classname="tests.test_active_users.TestRegister" name="test_register_accumulates_points" time="0.006" /><testcase classname="tests.test_active_users.TestRegister" name="test_register_caps_at_max_points" time="0.011" /><testcase classname="tests.test_active_users.TestRegister" name="test_register_updates_latest_level" time="0.005" /><testcase classname="tests.test_active_users.TestDecay" name="test_decay_reduces_points_after_inactivity" time="0.006" /><testcase classname="tests.test_active_users.TestDecay" name="test_decay_does_not_go_negative" time="0.006" /><testcase classname="tests.test_active_users.TestMigration" name="test_migrates_legacy_list_format" time="0.005" /><testcase classname="tests.test_active_users.TestMigration" name="test_migration_persists_to_disk_encrypted" time="0.005" /><testcase classname="tests.test_active_users.TestRemoveAndClear" name="test_remove_existing_user" time="0.005" /><testcase classname="tests.test_active_users.TestRemoveAndClear" name="test_remove_nonexistent_user_is_noop" time="0.004" /><testcase classname="tests.test_active_users.TestRemoveAndClear" name="test_clear_empties_registry" time="0.006" /><testcase classname="tests.test_active_users.TestUpdateCheckSent" name="test_update_check_sent_sets_timestamp" time="0.006" /><testcase classname="tests.test_active_users.TestUpdateCheckSent" name="test_update_check_sent_unknown_user_is_noop" time="0.004" /><testcase classname="tests.test_active_users.TestEncryptionAtRest" name="test_file_on_disk_is_not_plaintext_json" time="0.005" /><testcase classname="tests.test_active_users.TestEncryptionAtRest" name="test_decrypts_correctly_on_read" time="0.005" /><testcase classname="tests.test_active_users.TestEncryptionAtRest" name="test_legacy_plaintext_flags_are_purged_on_read" time="0.005" /><testcase classname="tests.test_active_users.TestGetAll" name="test_no_file_returns_empty_dict" time="0.004" /><testcase classname="tests.test_active_users.TestGetAll" name="test_corrupt_json_returns_empty_dict" time="0.005" /><testcase classname="tests.test_intent_classifier.TestFallbackIntent" name="test_signos_de_alarma_detected" time="0.001" /><testcase classname="tests.test_intent_classifier.TestFallbackIntent" name="test_sintomas_embarazo_detected" time="0.001" /><testcase classname="tests.test_intent_classifier.TestFallbackIntent" name="test_lactancia_detected" time="0.001" /><testcase classname="tests.test_intent_classifier.TestFallbackIntent" name="test_medicamentos_detected" time="0.001" /><testcase classname="tests.test_intent_classifier.TestFallbackIntent" name="test_nutricion_detected" time="0.001" /><testcase classname="tests.test_intent_classifier.TestFallbackIntent" name="test_fallback_to_out_of_scope" time="0.001" /><testcase classname="tests.test_intent_classifier.TestFallbackIntent" name="test_empty_message" time="0.001" /><testcase classname="tests.test_intent_classifier.TestFallbackIntent" name="test_parametric_alarm_keywords[convulsi\xf3n-signos_de_alarma]" time="0.001" /><testcase classname="tests.test_intent_classifier.TestFallbackIntent" name="test_parametric_alarm_keywords[desmayo-signos_de_alarma]" time="0.001" /><testcase classname="tests.test_intent_classifier.TestFallbackIntent" name="test_parametric_alarm_keywords[no se mueve-signos_de_alarma]" time="0.001" /><testcase classname="tests.test_intent_classifier.TestFallbackIntent" name="test_parametric_alarm_keywords[sangrado-signos_de_alarma]" time="0.001" /><testcase classname="tests.test_intent_classifier.TestFallbackIntent" name="test_parametric_symptom_keywords[tengo v\xf3mito-sintomas_embarazo]" time="0.001" /><testcase classname="tests.test_intent_classifier.TestFallbackIntent" name="test_parametric_symptom_keywords[hinchaz\xf3n en los pies-sintomas_embarazo]" time="0.001" /><testcase classname="tests.test_intent_classifier.TestFallbackIntent" name="test_parametric_symptom_keywords[mucho cansancio-sintomas_embarazo]" time="0.001" /><testcase classname="tests.test_intent_classifier.TestFallbackIntent" name="test_parametric_lactation_keywords[duele el pecho al dar leche-lactancia]" time="0.001" /><testcase classname="tests.test_intent_classifier.TestFallbackIntent" name="test_parametric_lactation_keywords[amamantar con mastitis-lactancia]" time="0.001" /><testcase classname="tests.test_intent_classifier.TestFallbackIntent" name="test_parametric_lactation_keywords[lactar es muy doloroso-lactancia]" time="0.001" /><testcase classname="tests.test_intent_classifier.TestParseResponse" name="test_valid_json" time="0.001" /><testcase classname="tests.test_intent_classifier.TestParseResponse" name="test_unknown_intent_fallback" time="0.001" /><testcase classname="tests.test_intent_classifier.TestParseResponse" name="test_confidence_clamped_above" time="0.001" /><testcase classname="tests.test_intent_classifier.TestParseResponse" name="test_confidence_clamped_below" time="0.001" /><testcase classname="tests.test_intent_classifier.TestParseResponse" name="test_invalid_json_fallback" time="0.001" /><testcase classname="tests.test_intent_classifier.TestParseResponse" name="test_regex_fallback_for_malformed_json" time="0.001" /><testcase classname="tests.test_intent_classifier.TestParseResponse" name="test_regex_fallback_invalid_intent" time="0.001" /><testcase classname="tests.test_intent_classifier.TestParseResponse" name="test_parametric_valid_intents[{&quot;intent&quot;: &quot;control_prenatal&quot;, &quot;confidence&quot;: 0.8, &quot;reasoning&quot;: &quot;a&quot;}-control_prenatal]" time="0.001" /><testcase classname="tests.test_intent_classifier.TestParseResponse" name="test_parametric_valid_intents[{&quot;intent&quot;: &quot;signos_de_alarma&quot;, &quot;confidence&quot;: 0.9, &quot;reasoning&quot;: &quot;b&quot;}-signos_de_alarma]" time="0.001" /><testcase classname="tests.test_intent_classifier.TestParseResponse" name="test_parametric_valid_intents[{&quot;intent&quot;: &quot;postparto&quot;, &quot;confidence&quot;: 0.7, &quot;reasoning&quot;: &quot;c&quot;}-postparto]" time="0.001" /><testcase classname="tests.test_intent_classifier.TestParseResponse" name="test_parametric_valid_intents[{&quot;intent&quot;: &quot;salud_mental_perinatal&quot;, &quot;confidence&quot;: 0.6, &quot;reasoning&quot;: &quot;d&quot;}-salud_mental_perinatal]" time="0.001" /><testcase classname="tests.test_intent_classifier.TestParseResponse" name="test_parametric_valid_intents[{&quot;intent&quot;: &quot;planificacion_familiar&quot;, &quot;confidence&quot;: 0.8, &quot;reasoning&quot;: &quot;e&quot;}-planificacion_familiar]" time="0.001" /><testcase classname="tests.test_intent_classifier.TestParseResponse" name="test_parametric_valid_intents[{&quot;intent&quot;: &quot;consulta_administrativa&quot;, &quot;confidence&quot;: 0.5, &quot;reasoning&quot;: &quot;f&quot;}-consulta_administrativa]" time="0.001" /><testcase classname="tests.test_intent_classifier.TestParseResponse" name="test_parametric_valid_intents[{&quot;intent&quot;: &quot;actividad_fisica&quot;, &quot;confidence&quot;: 0.7, &quot;reasoning&quot;: &quot;g&quot;}-actividad_fisica]" time="0.001" /><testcase classname="tests.test_intent_classifier.TestClassifyIntent" name="test_empty_message" time="0.001" /><testcase classname="tests.test_intent_classifier.TestClassifyIntent" name="test_whitespace_message" time="0.001" /><testcase classname="tests.test_intent_classifier.TestClassifyIntent" name="test_none_message" time="0.001" /><testcase classname="tests.test_intent_classifier.TestClassifyIntent" name="test_successful_classification" time="0.072" /><testcase classname="tests.test_intent_classifier.TestClassifyIntent" name="test_llm_error_fallback" time="0.076" /><testcase classname="tests.test_intent_classifier.TestClassifyIntent" name="test_with_conversation_history" time="0.080" /><testcase classname="tests.test_intent_classifier.TestClassifyIntent" name="test_invalid_intent_from_llm_fallback" time="0.122" /><testcase classname="tests.test_risk_detector.TestCheckHeuristic" name="test_high_hemorragia" time="0.002" /><testcase classname="tests.test_risk_detector.TestCheckHeuristic" name="test_high_convulsion" time="0.001" /><testcase classname="tests.test_risk_detector.TestCheckHeuristic" name="test_high_movimiento_ausente" time="0.001" /><testcase classname="tests.test_risk_detector.TestCheckHeuristic" name="test_high_dolor_intenso" time="0.001" /><testcase classname="tests.test_risk_detector.TestCheckHeuristic" name="test_high_preeclampsia" time="0.001" /><testcase classname="tests.test_risk_detector.TestCheckHeuristic" name="test_high_ruptura_membranas" time="0.001" /><testcase classname="tests.test_risk_detector.TestCheckHeuristic" name="test_high_signos_sepsis" time="0.001" /><testcase classname="tests.test_risk_detector.TestCheckHeuristic" name="test_high_depresion_grave" time="0.001" /><testcase classname="tests.test_risk_detector.TestCheckHeuristic" name="test_high_trabajo_parto_prematuro" time="0.001" /><testcase classname="tests.test_risk_detector.TestCheckHeuristic" name="test_medium_sangrado_leve" time="0.001" /><testcase classname="tests.test_risk_detector.TestCheckHeuristic" name="test_medium_presion_alta" time="0.001" /><testcase classname="tests.test_risk_detector.TestCheckHeuristic" name="test_medium_edema" time="0.001" /><testcase classname="tests.test_risk_detector.TestCheckHeuristic" name="test_medium_fiebre_moderada" time="0.001" /><testcase classname="tests.test_risk_detector.TestCheckHeuristic" name="test_medium_reduccion_movimiento" time="0.001" /><testcase classname="tests.test_risk_detector.TestCheckHeuristic" name="test_medium_sintomas_infeccion" time="0.001" /><testcase classname="tests.test_risk_detector.TestCheckHeuristic" name="test_no_match_returns_none" time="0.001" /><testcase classname="tests.test_risk_detector.TestCheckHeuristic" name="test_case_insensitive" time="0.001" /><testcase classname="tests.test_risk_detector.TestCheckHeuristic" name="test_high_trumps_medium" time="0.001" /><testcase classname="tests.test_risk_detector.TestCheckHeuristic" name="test_special_characters" time="0.001" /><testcase classname="tests.test_risk_detector.TestCheckHeuristic" name="test_parametric_movement_absent[no se mueve el beb\xe9]" time="0.001" /><testcase classname="tests.test_risk_detector.TestCheckHeuristic" name="test_parametric_movement_absent[dej\xf3 de moverse]" time="0.001" /><testcase classname="tests.test_risk_detector.TestCheckHeuristic" name="test_parametric_movement_absent[no siento movimientos]" time="0.001" /><testcase classname="tests.test_risk_detector.TestCheckHeuristic" name="test_parametric_movement_absent[no patea]" time="0.001" /><testcase classname="tests.test_risk_detector.TestCheckHeuristic" name="test_parametric_movement_absent[sin movimiento fetal]" time="0.001" /><testcase classname="tests.test_risk_detector.TestCheckHeuristic" name="test_parametric_sepsis_signs[tengo fiebre muy alta]" time="0.001" /><testcase classname="tests.test_risk_detector.TestCheckHeuristic" name="test_parametric_sepsis_signs[fiebre de 39]" time="0.001" /><testcase classname="tests.test_risk_detector.TestCheckHeuristic" name="test_parametric_sepsis_signs[fiebre de 40]" time="0.001" /><testcase classname="tests.test_risk_detector.TestCheckHeuristic" name="test_parametric_sepsis_signs[escalofr\xedos con fiebre]" time="0.001" /><testcase classname="tests.test_risk_detector.TestCheckHeuristic" name="test_parametric_severe_depression[quiero hacerme da\xf1o-depresion_grave]" time="0.001" /><testcase classname="tests.test_risk_detector.TestCheckHeuristic" name="test_parametric_severe_depression[quiero lastimarme-depresion_grave]" time="0.001" /><testcase classname="tests.test_risk_detector.TestCheckHeuristic" name="test_parametric_severe_depression[no quiero vivir-depresion_grave]" time="0.001" /><testcase classname="tests.test_risk_detector.TestCheckHeuristic" name="test_parametric_severe_depression[pensamientos de muerte-depresion_grave]" time="0.001" /><testcase classname="tests.test_risk_detector.TestParseLlmResponse" name="test_valid_json" time="0.001" /><testcase classname="tests.test_risk_detector.TestParseLlmResponse" name="test_valid_json_low" time="0.001" /><testcase classname="tests.test_risk_detector.TestParseLlmResponse" name="test_invalid_level_fallback_to_medium" time="0.001" /><testcase classname="tests.test_risk_detector.TestParseLlmResponse" name="test_invalid_action_fallback_by_level" time="0.001" /><testcase classname="tests.test_risk_detector.TestParseLlmResponse" name="test_missing_fields" time="0.001" /><testcase classname="tests.test_risk_detector.TestParseLlmResponse" name="test_invalid_json" time="0.001" /><testcase classname="tests.test_risk_detector.TestParseLlmResponse" name="test_empty_string" time="0.001" /><testcase classname="tests.test_risk_detector.TestDetectRisk" name="test_empty_message_returns_low" time="0.001" /><testcase classname="tests.test_risk_detector.TestDetectRisk" name="test_whitespace_message_returns_low" time="0.001" /><testcase classname="tests.test_risk_detector.TestDetectRisk" name="test_none_message_returns_low" time="0.001" /><testcase classname="tests.test_risk_detector.TestDetectRisk" name="test_off_topic_shortcut_returns_low" time="0.001" /><testcase classname="tests.test_risk_detector.TestDetectRisk" name="test_heuristic_high_triggers_before_llm" time="0.001" /><testcase classname="tests.test_risk_detector.TestDetectRisk" name="test_heuristic_medium_triggers_before_llm" time="0.001" /><testcase classname="tests.test_risk_detector.TestDetectRisk" name="test_no_heuristic_calls_llm" time="0.072" /><testcase classname="tests.test_risk_detector.TestDetectRisk" name="test_llm_error_returns_medium_safe_fallback" time="0.073" /></testsuite></testsuites>